[INFO] [Render] Pipeline started {"renderJobId":"0d613a2e-b45e-409d-ad5e-e39c1e361304","platform":"win32","arch":"x64","nodeVersion":"v24.18.0","fps":{"num":30,"den":1},"format":"mp4","quality":"high","browserGpuMode":"auto","forceScreenshot":false,"protocolTimeout":300000,"browserTimeout":120000,"pageNavigationTimeout":60000,"playerReadyTimeout":45000}
[INFO] [Render:trace] {"renderJobId":"0d613a2e-b45e-409d-ad5e-e39c1e361304","phase":"pipeline","status":"checkpoint","elapsedMs":10,"message":"started","format":"mp4","quality":"high","browserGpuMode":"auto","forceScreenshot":false,"protocolTimeoutMs":300000,"pageNavigationTimeoutMs":60000,"playerReadyTimeoutMs":45000,"requestedWorkers":"auto"}
[INFO] [Render:trace] {"renderJobId":"0d613a2e-b45e-409d-ad5e-e39c1e361304","phase":"compile","status":"start","elapsedMs":12,"needsAlpha":false}
[INFO] [Compiler] Inlined CDN script: https://cdn.jsdelivr.net/npm/gsap@3.14.2/dist/gsap.min.js
[INFO] [Compiler] Embedded local font file: assets/fonts/Fredoka-SemiBold.woff2 (16 KB → data URI)
[INFO] Compiled composition metadata {"renderJobId":"0d613a2e-b45e-409d-ad5e-e39c1e361304","entryFile":"index.html","staticDuration":31.6,"width":1080,"height":1920,"videoCount":0,"audioCount":7,"renderModeHints":{"recommendScreenshot":false,"reasons":[]}}
[INFO] [Render:trace] {"renderJobId":"0d613a2e-b45e-409d-ad5e-e39c1e361304","phase":"compile","status":"end","elapsedMs":543,"durationMs":530,"needsAlpha":false}
[INFO] [Render:trace] {"renderJobId":"0d613a2e-b45e-409d-ad5e-e39c1e361304","phase":"compile","status":"checkpoint","elapsedMs":547,"message":"composition metadata resolved","width":1080,"height":1920,"videoCount":0,"audioCount":7,"imageCount":1,"deviceScaleFactor":1,"forceScreenshot":false,"compositionHash":"ffcac7c7ba24de2e"}
[INFO] [Render] Low-memory render profile active — screenshot capture, auto-worker calibration skipped, pinned to 1 worker. Override with --no-low-memory-mode or PRODUCER_LOW_MEMORY_MODE=false. {"renderJobId":"0d613a2e-b45e-409d-ad5e-e39c1e361304","totalMemMb":8063,"thresholdMb":8192}
[INFO] [Render:trace] {"renderJobId":"0d613a2e-b45e-409d-ad5e-e39c1e361304","phase":"browser_probe","status":"start","elapsedMs":549,"forceScreenshot":true,"stagePhase":"calibrating"}
[INFO] Launching browser for composition probe... {"renderJobId":"0d613a2e-b45e-409d-ad5e-e39c1e361304","reasons":["scripted audio volume"]}
[INFO] Creating capture session... {"renderJobId":"0d613a2e-b45e-409d-ad5e-e39c1e361304","attempt":1,"maxAttempts":2}
[hyperframes] browserGpuMode auto → hardware (WebGL renderer vendor="Google Inc. (Intel)" renderer="ANGLE (Intel, Intel(R) UHD Graphics 630 (0x00003E9B) Direct3D11 vs_5_0 ps_5_0, D3D11)")
[INFO] Waiting for composition to initialize... {"renderJobId":"0d613a2e-b45e-409d-ad5e-e39c1e361304","attempt":1}
[INFO] Composition ready {"renderJobId":"0d613a2e-b45e-409d-ad5e-e39c1e361304","attempt":1,"initMs":20384}
[INFO] Using static duration from data-duration attribute {"renderJobId":"0d613a2e-b45e-409d-ad5e-e39c1e361304","duration":31.6}
[INFO] Discovering media assets from browser DOM... {"renderJobId":"0d613a2e-b45e-409d-ad5e-e39c1e361304"}
[INFO] Discovering audio volume automation... {"renderJobId":"0d613a2e-b45e-409d-ad5e-e39c1e361304","audioCount":7}
[INFO] [Probe] Runtime audio volume automation: bgm {"renderJobId":"0d613a2e-b45e-409d-ad5e-e39c1e361304","keyframeCount":106}
[INFO] [Render:trace] {"renderJobId":"0d613a2e-b45e-409d-ad5e-e39c1e361304","phase":"browser_probe","status":"end","elapsedMs":21044,"durationMs":20495,"forceScreenshot":true,"stagePhase":"calibrating"}
[INFO] [Render:trace] {"renderJobId":"0d613a2e-b45e-409d-ad5e-e39c1e361304","phase":"browser_probe","status":"checkpoint","elapsedMs":21050,"message":"duration resolved","durationSeconds":31.6,"totalFrames":948,"compositionHash":"ffcac7c7ba24de2e","beginFrameStalled":false}
[INFO] [Render:trace] {"renderJobId":"0d613a2e-b45e-409d-ad5e-e39c1e361304","phase":"video_extract","status":"start","elapsedMs":21050,"videoCount":0}
[INFO] [Render:trace] {"renderJobId":"0d613a2e-b45e-409d-ad5e-e39c1e361304","phase":"video_extract","status":"end","elapsedMs":21171,"durationMs":120,"videoCount":0}
[INFO] [Render:trace] {"renderJobId":"0d613a2e-b45e-409d-ad5e-e39c1e361304","phase":"video_extract","status":"checkpoint","elapsedMs":21194,"message":"frames resolved","videoCount":0,"extractedVideoCount":0,"totalFramesExtracted":0,"maxFramesPerVideo":0,"avgFramesPerExtractedVideo":null,"vfrPreflightCount":null,"vfrPreflightMs":null,"cacheHits":null,"cacheMisses":null,"transientRetries":null,"minVideoFrameCoverageRatio":null,"authoredTimedClipCount":13}
[INFO] [Render] No HDR sources detected — rendering SDR {"renderJobId":"0d613a2e-b45e-409d-ad5e-e39c1e361304"}
[INFO] [Render:trace] {"renderJobId":"0d613a2e-b45e-409d-ad5e-e39c1e361304","phase":"hdr_detection","status":"checkpoint","elapsedMs":21196,"message":"resolved","requestedHdrMode":"auto","effectiveHdr":"sdr","nativeHdrVideoCount":0,"nativeHdrImageCount":0}
[INFO] [Render:trace] {"renderJobId":"0d613a2e-b45e-409d-ad5e-e39c1e361304","phase":"audio_process","status":"start","elapsedMs":21196,"audioCount":7}
[INFO] [Render:trace] {"renderJobId":"0d613a2e-b45e-409d-ad5e-e39c1e361304","phase":"audio_process","status":"end","elapsedMs":23963,"durationMs":2767,"audioCount":7}
[INFO] [Render:trace] {"renderJobId":"0d613a2e-b45e-409d-ad5e-e39c1e361304","phase":"file_server","status":"checkpoint","elapsedMs":23963,"message":"reused probe file server"}
[INFO] [Render:trace] {"renderJobId":"0d613a2e-b45e-409d-ad5e-e39c1e361304","phase":"capture_calibration","status":"checkpoint","elapsedMs":23965,"message":"skipped","requestedWorkers":"auto","totalFrames":948,"htmlInCanvasDetected":false,"lowMemoryMode":true,"deInversionEligible":false,"deParallelRouterEligible":false}
[INFO] [Render] Low-memory profile — pinning to 1 capture worker (auto-worker calibration skipped). {"renderJobId":"0d613a2e-b45e-409d-ad5e-e39c1e361304"}
[INFO] [Render:trace] {"renderJobId":"0d613a2e-b45e-409d-ad5e-e39c1e361304","phase":"worker_resolution","status":"checkpoint","elapsedMs":23966,"message":"resolved","workerCount":1}
[INFO] streaming-encode gate {"renderJobId":"0d613a2e-b45e-409d-ad5e-e39c1e361304","enabled":true,"configFlag":true,"outputFormat":"mp4","workerCount":1,"durationSeconds":31.6,"maxDurationSeconds":240}
[INFO] [Render:trace] {"renderJobId":"0d613a2e-b45e-409d-ad5e-e39c1e361304","phase":"capture_strategy","status":"checkpoint","elapsedMs":23967,"message":"resolved","workerCount":1,"forceScreenshot":true,"captureBeyondViewport":false,"useStreamingEncode":true,"useLayeredComposite":false,"usePageSideCompositing":false,"hasHdrContent":false,"hasShaderTransitions":false,"isPngSequence":false}
[INFO] [Render:trace] {"renderJobId":"0d613a2e-b45e-409d-ad5e-e39c1e361304","phase":"capture_streaming","status":"start","elapsedMs":23967,"stagePhase":"capturing","workerCount":1,"forceScreenshot":true,"totalFrames":948,"framesCompleted":0,"captureMode":"screenshot","captureOperation":"captureScreenshot"}
[INFO] [Render:trace] {"renderJobId":"0d613a2e-b45e-409d-ad5e-e39c1e361304","phase":"capture_streaming","status":"checkpoint","elapsedMs":53989,"message":"stage still running","stagePhase":"capturing","workerCount":1,"forceScreenshot":true,"totalFrames":948,"framesCompleted":137,"captureMode":"screenshot","captureOperation":"captureScreenshot","heartbeatIndex":1,"stageElapsedMs":30021}
[INFO] [Render:trace] {"renderJobId":"0d613a2e-b45e-409d-ad5e-e39c1e361304","phase":"capture_streaming","status":"checkpoint","elapsedMs":84005,"message":"stage still running","stagePhase":"capturing","workerCount":1,"forceScreenshot":true,"totalFrames":948,"framesCompleted":297,"captureMode":"screenshot","captureOperation":"captureScreenshot","heartbeatIndex":2,"stageElapsedMs":60037}
[INFO] [Render:trace] {"renderJobId":"0d613a2e-b45e-409d-ad5e-e39c1e361304","phase":"capture_streaming","status":"checkpoint","elapsedMs":144017,"message":"stage still running","stagePhase":"capturing","workerCount":1,"forceScreenshot":true,"totalFrames":948,"framesCompleted":803,"captureMode":"screenshot","captureOperation":"captureScreenshot","heartbeatIndex":3,"stageElapsedMs":120049}
[INFO] [Render:trace] {"renderJobId":"0d613a2e-b45e-409d-ad5e-e39c1e361304","phase":"capture_streaming","status":"end","elapsedMs":166186,"durationMs":142218,"stagePhase":"capturing","workerCount":1,"forceScreenshot":true,"totalFrames":948,"framesCompleted":948,"captureMode":"screenshot","captureOperation":"encode"}
[INFO] [Render:trace] {"renderJobId":"0d613a2e-b45e-409d-ad5e-e39c1e361304","phase":"assemble","status":"start","elapsedMs":166189,"stagePhase":"capturing","hasAudio":true,"workerCount":1,"forceScreenshot":true,"totalFrames":948,"framesCompleted":948,"captureMode":"screenshot","captureOperation":"encode"}
[INFO] [Render:trace] {"renderJobId":"0d613a2e-b45e-409d-ad5e-e39c1e361304","phase":"assemble","status":"end","elapsedMs":169646,"durationMs":3457,"stagePhase":"capturing","hasAudio":true,"workerCount":1,"forceScreenshot":true,"totalFrames":948,"framesCompleted":948,"captureMode":"screenshot","captureOperation":"encode"}
[INFO] [Render:trace] {"renderJobId":"0d613a2e-b45e-409d-ad5e-e39c1e361304","phase":"pipeline","status":"checkpoint","elapsedMs":169668,"message":"artifact validated","totalElapsedMs":169663}
