
◆  Rendering pawzzle-village-lore → C:\Users\bapti\Desktop\DEV\pawzzle\videos\pawzzle-village-lore\renders\pawzzle-village-lore_2026-07-27_23-21-12.mp4
   30fps · high · auto workers (8 cores detected)
   GPU: browser GPU (auto-detect)

[?25l│
◇  Browser: cache
[?25h  Trying the experimental parallel drawElement capture path for this install (disabled automatically if it ever needs to fall back; opt out anytime: HF_DE_PARALLEL_ROUTER=false)
  █░░░░░░░░░░░░░░░░░░░░░░░░  5%  Compiling composition
[BrowserManager] Browser launched (HeadlessChrome/152.0.7928.2, screenshot, gl=--use-gl=angle --use-angle=d3d11, headlessShell=true, platform=win32)
[initSession:screenshot] page.goto start (1ms)
[HyperFrames] render runtime fps [object Object]
[initSession:screenshot] page.goto complete (740ms)
[initSession:screenshot] GSAP proxy flush complete (769ms)
[initSession:screenshot] pollHfReady complete (793ms)
[initSession:screenshot] pollSubCompositionTimelines complete (ready) (822ms)
[initSession:screenshot] applyVideoMetadataHints complete (823ms)
[initSession:screenshot] media + fonts + tailwind ready (843ms)
[initSession:screenshot] static-frame dedup: disabled (verification budget exhausted before frame 522; too much predicted-static material to fully verify — this is the safe fallback, not an error) (15948ms)
  ██░░░░░░░░░░░░░░░░░░░░░░░  10%  Extracting video frames
  █████░░░░░░░░░░░░░░░░░░░░  20%  Processing audio tracks
  ██████░░░░░░░░░░░░░░░░░░░  25%  Starting frame capture
  ██████░░░░░░░░░░░░░░░░░░░  25%  Streaming frame 1/948
  ██████░░░░░░░░░░░░░░░░░░░  25%  Streaming frame 2/948
  ██████░░░░░░░░░░░░░░░░░░░  25%  Streaming frame 3/948
  ██████░░░░░░░░░░░░░░░░░░░  25%  Streaming frame 4/948
  ██████░░░░░░░░░░░░░░░░░░░  25%  Streaming frame 5/948
  ██████░░░░░░░░░░░░░░░░░░░  25%  Streaming frame 6/948
  ██████░░░░░░░░░░░░░░░░░░░  25%  Streaming frame 7/948
  ██████░░░░░░░░░░░░░░░░░░░  25%  Streaming frame 8/948
  ██████░░░░░░░░░░░░░░░░░░░  26%  Streaming frame 9/948
  ██████░░░░░░░░░░░░░░░░░░░  26%  Streaming frame 10/948
  ██████░░░░░░░░░░░░░░░░░░░  26%  Streaming frame 11/948
  ██████░░░░░░░░░░░░░░░░░░░  26%  Streaming frame 12/948
  ██████░░░░░░░░░░░░░░░░░░░  26%  Streaming frame 13/948
  ██████░░░░░░░░░░░░░░░░░░░  26%  Streaming frame 14/948
  ██████░░░░░░░░░░░░░░░░░░░  26%  Streaming frame 15/948
  ██████░░░░░░░░░░░░░░░░░░░  26%  Streaming frame 16/948
  ██████░░░░░░░░░░░░░░░░░░░  26%  Streaming frame 17/948
  ██████░░░░░░░░░░░░░░░░░░░  26%  Streaming frame 18/948
  ██████░░░░░░░░░░░░░░░░░░░  26%  Streaming frame 19/948
  ██████░░░░░░░░░░░░░░░░░░░  26%  Streaming frame 20/948
  ██████░░░░░░░░░░░░░░░░░░░  26%  Streaming frame 21/948
  ██████░░░░░░░░░░░░░░░░░░░  26%  Streaming frame 22/948
  ██████░░░░░░░░░░░░░░░░░░░  26%  Streaming frame 23/948
  ██████░░░░░░░░░░░░░░░░░░░  26%  Streaming frame 24/948
  ██████░░░░░░░░░░░░░░░░░░░  26%  Streaming frame 25/948
  ██████░░░░░░░░░░░░░░░░░░░  27%  Streaming frame 26/948
  ██████░░░░░░░░░░░░░░░░░░░  27%  Streaming frame 27/948
  ██████░░░░░░░░░░░░░░░░░░░  27%  Streaming frame 28/948
  ██████░░░░░░░░░░░░░░░░░░░  27%  Streaming frame 29/948
  ██████░░░░░░░░░░░░░░░░░░░  27%  Streaming frame 30/948
  ██████░░░░░░░░░░░░░░░░░░░  27%  Streaming frame 31/948
  ██████░░░░░░░░░░░░░░░░░░░  27%  Streaming frame 32/948
  ██████░░░░░░░░░░░░░░░░░░░  27%  Streaming frame 33/948
  ██████░░░░░░░░░░░░░░░░░░░  27%  Streaming frame 34/948
  ██████░░░░░░░░░░░░░░░░░░░  27%  Streaming frame 35/948
  ██████░░░░░░░░░░░░░░░░░░░  27%  Streaming frame 36/948
  ██████░░░░░░░░░░░░░░░░░░░  27%  Streaming frame 37/948
  ██████░░░░░░░░░░░░░░░░░░░  27%  Streaming frame 38/948
  ██████░░░░░░░░░░░░░░░░░░░  27%  Streaming frame 39/948
  ██████░░░░░░░░░░░░░░░░░░░  27%  Streaming frame 40/948
  ██████░░░░░░░░░░░░░░░░░░░  27%  Streaming frame 41/948
  ██████░░░░░░░░░░░░░░░░░░░  27%  Streaming frame 42/948
  ██████░░░░░░░░░░░░░░░░░░░  27%  Streaming frame 43/948
  ███████░░░░░░░░░░░░░░░░░░  28%  Streaming frame 44/948
  ███████░░░░░░░░░░░░░░░░░░  28%  Streaming frame 45/948
  ███████░░░░░░░░░░░░░░░░░░  28%  Streaming frame 46/948
  ███████░░░░░░░░░░░░░░░░░░  28%  Streaming frame 47/948
  ███████░░░░░░░░░░░░░░░░░░  28%  Streaming frame 48/948
  ███████░░░░░░░░░░░░░░░░░░  28%  Streaming frame 49/948
  ███████░░░░░░░░░░░░░░░░░░  28%  Streaming frame 50/948
  ███████░░░░░░░░░░░░░░░░░░  28%  Streaming frame 51/948
  ███████░░░░░░░░░░░░░░░░░░  28%  Streaming frame 52/948
  ███████░░░░░░░░░░░░░░░░░░  28%  Streaming frame 53/948
  ███████░░░░░░░░░░░░░░░░░░  28%  Streaming frame 54/948
  ███████░░░░░░░░░░░░░░░░░░  28%  Streaming frame 55/948
  ███████░░░░░░░░░░░░░░░░░░  28%  Streaming frame 56/948
  ███████░░░░░░░░░░░░░░░░░░  28%  Streaming frame 57/948
  ███████░░░░░░░░░░░░░░░░░░  28%  Streaming frame 58/948
  ███████░░░░░░░░░░░░░░░░░░  28%  Streaming frame 59/948
  ███████░░░░░░░░░░░░░░░░░░  28%  Streaming frame 60/948
  ███████░░░░░░░░░░░░░░░░░░  29%  Streaming frame 61/948
  ███████░░░░░░░░░░░░░░░░░░  29%  Streaming frame 62/948
  ███████░░░░░░░░░░░░░░░░░░  29%  Streaming frame 63/948
  ███████░░░░░░░░░░░░░░░░░░  29%  Streaming frame 64/948
  ███████░░░░░░░░░░░░░░░░░░  29%  Streaming frame 65/948
  ███████░░░░░░░░░░░░░░░░░░  29%  Streaming frame 66/948
  ███████░░░░░░░░░░░░░░░░░░  29%  Streaming frame 67/948
  ███████░░░░░░░░░░░░░░░░░░  29%  Streaming frame 68/948
  ███████░░░░░░░░░░░░░░░░░░  29%  Streaming frame 69/948
  ███████░░░░░░░░░░░░░░░░░░  29%  Streaming frame 70/948
  ███████░░░░░░░░░░░░░░░░░░  29%  Streaming frame 71/948
  ███████░░░░░░░░░░░░░░░░░░  29%  Streaming frame 72/948
  ███████░░░░░░░░░░░░░░░░░░  29%  Streaming frame 73/948
  ███████░░░░░░░░░░░░░░░░░░  29%  Streaming frame 74/948
  ███████░░░░░░░░░░░░░░░░░░  29%  Streaming frame 75/948
  ███████░░░░░░░░░░░░░░░░░░  29%  Streaming frame 76/948
  ███████░░░░░░░░░░░░░░░░░░  29%  Streaming frame 77/948
  ███████░░░░░░░░░░░░░░░░░░  30%  Streaming frame 78/948
  ███████░░░░░░░░░░░░░░░░░░  30%  Streaming frame 79/948
  ███████░░░░░░░░░░░░░░░░░░  30%  Streaming frame 80/948
  ███████░░░░░░░░░░░░░░░░░░  30%  Streaming frame 81/948
  ███████░░░░░░░░░░░░░░░░░░  30%  Streaming frame 82/948
  ███████░░░░░░░░░░░░░░░░░░  30%  Streaming frame 83/948
  ███████░░░░░░░░░░░░░░░░░░  30%  Streaming frame 84/948
  ███████░░░░░░░░░░░░░░░░░░  30%  Streaming frame 85/948
  ███████░░░░░░░░░░░░░░░░░░  30%  Streaming frame 86/948
  ███████░░░░░░░░░░░░░░░░░░  30%  Streaming frame 87/948
  ███████░░░░░░░░░░░░░░░░░░  30%  Streaming frame 88/948
  ███████░░░░░░░░░░░░░░░░░░  30%  Streaming frame 89/948
  ███████░░░░░░░░░░░░░░░░░░  30%  Streaming frame 90/948
  ███████░░░░░░░░░░░░░░░░░░  30%  Streaming frame 91/948
  ███████░░░░░░░░░░░░░░░░░░  30%  Streaming frame 92/948
  ███████░░░░░░░░░░░░░░░░░░  30%  Streaming frame 93/948
  ███████░░░░░░░░░░░░░░░░░░  30%  Streaming frame 94/948
  ███████░░░░░░░░░░░░░░░░░░  31%  Streaming frame 95/948
  ███████░░░░░░░░░░░░░░░░░░  31%  Streaming frame 96/948
  ███████░░░░░░░░░░░░░░░░░░  31%  Streaming frame 97/948
  ███████░░░░░░░░░░░░░░░░░░  31%  Streaming frame 98/948
  ███████░░░░░░░░░░░░░░░░░░  31%  Streaming frame 99/948
  ███████░░░░░░░░░░░░░░░░░░  31%  Streaming frame 100/948
  ███████░░░░░░░░░░░░░░░░░░  31%  Streaming frame 101/948
  ███████░░░░░░░░░░░░░░░░░░  31%  Streaming frame 102/948
  ███████░░░░░░░░░░░░░░░░░░  31%  Streaming frame 103/948
  ███████░░░░░░░░░░░░░░░░░░  31%  Streaming frame 104/948
  ███████░░░░░░░░░░░░░░░░░░  31%  Streaming frame 105/948
  ███████░░░░░░░░░░░░░░░░░░  31%  Streaming frame 106/948
  ███████░░░░░░░░░░░░░░░░░░  31%  Streaming frame 107/948
  ███████░░░░░░░░░░░░░░░░░░  31%  Streaming frame 108/948
  ███████░░░░░░░░░░░░░░░░░░  31%  Streaming frame 109/948
  ███████░░░░░░░░░░░░░░░░░░  31%  Streaming frame 110/948
  ███████░░░░░░░░░░░░░░░░░░  31%  Streaming frame 111/948
  ███████░░░░░░░░░░░░░░░░░░  31%  Streaming frame 112/948
  ████████░░░░░░░░░░░░░░░░░  32%  Streaming frame 113/948
  ████████░░░░░░░░░░░░░░░░░  32%  Streaming frame 114/948
  ████████░░░░░░░░░░░░░░░░░  32%  Streaming frame 115/948
  ████████░░░░░░░░░░░░░░░░░  32%  Streaming frame 116/948
  ████████░░░░░░░░░░░░░░░░░  32%  Streaming frame 117/948
  ████████░░░░░░░░░░░░░░░░░  32%  Streaming frame 118/948
  ████████░░░░░░░░░░░░░░░░░  32%  Streaming frame 119/948
  ████████░░░░░░░░░░░░░░░░░  32%  Streaming frame 120/948
  ████████░░░░░░░░░░░░░░░░░  32%  Streaming frame 121/948
  ████████░░░░░░░░░░░░░░░░░  32%  Streaming frame 122/948
  ████████░░░░░░░░░░░░░░░░░  32%  Streaming frame 123/948
  ████████░░░░░░░░░░░░░░░░░  32%  Streaming frame 124/948
  ████████░░░░░░░░░░░░░░░░░  32%  Streaming frame 125/948
  ████████░░░░░░░░░░░░░░░░░  32%  Streaming frame 126/948
  ████████░░░░░░░░░░░░░░░░░  32%  Streaming frame 127/948
  ████████░░░░░░░░░░░░░░░░░  32%  Streaming frame 128/948
  ████████░░░░░░░░░░░░░░░░░  32%  Streaming frame 129/948
  ████████░░░░░░░░░░░░░░░░░  33%  Streaming frame 130/948
  ████████░░░░░░░░░░░░░░░░░  33%  Streaming frame 131/948
  ████████░░░░░░░░░░░░░░░░░  33%  Streaming frame 132/948
  ████████░░░░░░░░░░░░░░░░░  33%  Streaming frame 133/948
  ████████░░░░░░░░░░░░░░░░░  33%  Streaming frame 134/948
  ████████░░░░░░░░░░░░░░░░░  33%  Streaming frame 135/948
  ████████░░░░░░░░░░░░░░░░░  33%  Streaming frame 136/948
  ████████░░░░░░░░░░░░░░░░░  33%  Streaming frame 137/948
  ████████░░░░░░░░░░░░░░░░░  33%  Streaming frame 138/948
  ████████░░░░░░░░░░░░░░░░░  33%  Streaming frame 139/948
  ████████░░░░░░░░░░░░░░░░░  33%  Streaming frame 140/948
  ████████░░░░░░░░░░░░░░░░░  33%  Streaming frame 141/948
  ████████░░░░░░░░░░░░░░░░░  33%  Streaming frame 142/948
  ████████░░░░░░░░░░░░░░░░░  33%  Streaming frame 143/948
  ████████░░░░░░░░░░░░░░░░░  33%  Streaming frame 144/948
  ████████░░░░░░░░░░░░░░░░░  33%  Streaming frame 145/948
  ████████░░░░░░░░░░░░░░░░░  33%  Streaming frame 146/948
  ████████░░░░░░░░░░░░░░░░░  34%  Streaming frame 147/948
  ████████░░░░░░░░░░░░░░░░░  34%  Streaming frame 148/948
  ████████░░░░░░░░░░░░░░░░░  34%  Streaming frame 149/948
  ████████░░░░░░░░░░░░░░░░░  34%  Streaming frame 150/948
  ████████░░░░░░░░░░░░░░░░░  34%  Streaming frame 151/948
  ████████░░░░░░░░░░░░░░░░░  34%  Streaming frame 152/948
  ████████░░░░░░░░░░░░░░░░░  34%  Streaming frame 153/948
  ████████░░░░░░░░░░░░░░░░░  34%  Streaming frame 154/948
  ████████░░░░░░░░░░░░░░░░░  34%  Streaming frame 155/948
  ████████░░░░░░░░░░░░░░░░░  34%  Streaming frame 156/948
  ████████░░░░░░░░░░░░░░░░░  34%  Streaming frame 157/948
  ████████░░░░░░░░░░░░░░░░░  34%  Streaming frame 158/948
  ████████░░░░░░░░░░░░░░░░░  34%  Streaming frame 159/948
  ████████░░░░░░░░░░░░░░░░░  34%  Streaming frame 160/948
  ████████░░░░░░░░░░░░░░░░░  34%  Streaming frame 161/948
  ████████░░░░░░░░░░░░░░░░░  34%  Streaming frame 162/948
  ████████░░░░░░░░░░░░░░░░░  34%  Streaming frame 163/948
  ████████░░░░░░░░░░░░░░░░░  35%  Streaming frame 164/948
  ████████░░░░░░░░░░░░░░░░░  35%  Streaming frame 165/948
  ████████░░░░░░░░░░░░░░░░░  35%  Streaming frame 166/948
  ████████░░░░░░░░░░░░░░░░░  35%  Streaming frame 167/948
  ████████░░░░░░░░░░░░░░░░░  35%  Streaming frame 168/948
  ████████░░░░░░░░░░░░░░░░░  35%  Streaming frame 169/948
  ████████░░░░░░░░░░░░░░░░░  35%  Streaming frame 170/948
  ████████░░░░░░░░░░░░░░░░░  35%  Streaming frame 171/948
  ████████░░░░░░░░░░░░░░░░░  35%  Streaming frame 172/948
  ████████░░░░░░░░░░░░░░░░░  35%  Streaming frame 173/948
  ████████░░░░░░░░░░░░░░░░░  35%  Streaming frame 174/948
  ████████░░░░░░░░░░░░░░░░░  35%  Streaming frame 175/948
  ████████░░░░░░░░░░░░░░░░░  35%  Streaming frame 176/948
  ████████░░░░░░░░░░░░░░░░░  35%  Streaming frame 177/948
  ████████░░░░░░░░░░░░░░░░░  35%  Streaming frame 178/948
  ████████░░░░░░░░░░░░░░░░░  35%  Streaming frame 179/948
  ████████░░░░░░░░░░░░░░░░░  35%  Streaming frame 180/948
  █████████░░░░░░░░░░░░░░░░  36%  Streaming frame 181/948
  █████████░░░░░░░░░░░░░░░░  36%  Streaming frame 182/948
  █████████░░░░░░░░░░░░░░░░  36%  Streaming frame 183/948
  █████████░░░░░░░░░░░░░░░░  36%  Streaming frame 184/948
  █████████░░░░░░░░░░░░░░░░  36%  Streaming frame 185/948
  █████████░░░░░░░░░░░░░░░░  36%  Streaming frame 186/948
  █████████░░░░░░░░░░░░░░░░  36%  Streaming frame 187/948
  █████████░░░░░░░░░░░░░░░░  36%  Streaming frame 188/948
  █████████░░░░░░░░░░░░░░░░  36%  Streaming frame 189/948
  █████████░░░░░░░░░░░░░░░░  36%  Streaming frame 190/948
  █████████░░░░░░░░░░░░░░░░  36%  Streaming frame 191/948
  █████████░░░░░░░░░░░░░░░░  36%  Streaming frame 192/948
  █████████░░░░░░░░░░░░░░░░  36%  Streaming frame 193/948
  █████████░░░░░░░░░░░░░░░░  36%  Streaming frame 194/948
  █████████░░░░░░░░░░░░░░░░  36%  Streaming frame 195/948
  █████████░░░░░░░░░░░░░░░░  36%  Streaming frame 196/948
  █████████░░░░░░░░░░░░░░░░  36%  Streaming frame 197/948
  █████████░░░░░░░░░░░░░░░░  36%  Streaming frame 198/948
  █████████░░░░░░░░░░░░░░░░  37%  Streaming frame 199/948
  █████████░░░░░░░░░░░░░░░░  37%  Streaming frame 200/948
  █████████░░░░░░░░░░░░░░░░  37%  Streaming frame 201/948
  █████████░░░░░░░░░░░░░░░░  37%  Streaming frame 202/948
  █████████░░░░░░░░░░░░░░░░  37%  Streaming frame 203/948
  █████████░░░░░░░░░░░░░░░░  37%  Streaming frame 204/948
  █████████░░░░░░░░░░░░░░░░  37%  Streaming frame 205/948
  █████████░░░░░░░░░░░░░░░░  37%  Streaming frame 206/948
  █████████░░░░░░░░░░░░░░░░  37%  Streaming frame 207/948
  █████████░░░░░░░░░░░░░░░░  37%  Streaming frame 208/948
  █████████░░░░░░░░░░░░░░░░  37%  Streaming frame 209/948
  █████████░░░░░░░░░░░░░░░░  37%  Streaming frame 210/948
  █████████░░░░░░░░░░░░░░░░  37%  Streaming frame 211/948
  █████████░░░░░░░░░░░░░░░░  37%  Streaming frame 212/948
  █████████░░░░░░░░░░░░░░░░  37%  Streaming frame 213/948
  █████████░░░░░░░░░░░░░░░░  37%  Streaming frame 214/948
  █████████░░░░░░░░░░░░░░░░  37%  Streaming frame 215/948
  █████████░░░░░░░░░░░░░░░░  38%  Streaming frame 216/948
  █████████░░░░░░░░░░░░░░░░  38%  Streaming frame 217/948
  █████████░░░░░░░░░░░░░░░░  38%  Streaming frame 218/948
  █████████░░░░░░░░░░░░░░░░  38%  Streaming frame 219/948
  █████████░░░░░░░░░░░░░░░░  38%  Streaming frame 220/948
  █████████░░░░░░░░░░░░░░░░  38%  Streaming frame 221/948
  █████████░░░░░░░░░░░░░░░░  38%  Streaming frame 222/948
  █████████░░░░░░░░░░░░░░░░  38%  Streaming frame 223/948
  █████████░░░░░░░░░░░░░░░░  38%  Streaming frame 224/948
  █████████░░░░░░░░░░░░░░░░  38%  Streaming frame 225/948
  █████████░░░░░░░░░░░░░░░░  38%  Streaming frame 226/948
  █████████░░░░░░░░░░░░░░░░  38%  Streaming frame 227/948
  █████████░░░░░░░░░░░░░░░░  38%  Streaming frame 228/948
  █████████░░░░░░░░░░░░░░░░  38%  Streaming frame 229/948
  █████████░░░░░░░░░░░░░░░░  38%  Streaming frame 230/948
  █████████░░░░░░░░░░░░░░░░  38%  Streaming frame 231/948
  █████████░░░░░░░░░░░░░░░░  38%  Streaming frame 232/948
  █████████░░░░░░░░░░░░░░░░  39%  Streaming frame 233/948
  █████████░░░░░░░░░░░░░░░░  39%  Streaming frame 234/948
  █████████░░░░░░░░░░░░░░░░  39%  Streaming frame 235/948
  █████████░░░░░░░░░░░░░░░░  39%  Streaming frame 236/948
  █████████░░░░░░░░░░░░░░░░  39%  Streaming frame 237/948
  █████████░░░░░░░░░░░░░░░░  39%  Streaming frame 238/948
  █████████░░░░░░░░░░░░░░░░  39%  Streaming frame 239/948
  █████████░░░░░░░░░░░░░░░░  39%  Streaming frame 240/948
  █████████░░░░░░░░░░░░░░░░  39%  Streaming frame 241/948
  █████████░░░░░░░░░░░░░░░░  39%  Streaming frame 242/948
  █████████░░░░░░░░░░░░░░░░  39%  Streaming frame 243/948
  █████████░░░░░░░░░░░░░░░░  39%  Streaming frame 244/948
  █████████░░░░░░░░░░░░░░░░  39%  Streaming frame 245/948
  █████████░░░░░░░░░░░░░░░░  39%  Streaming frame 246/948
  █████████░░░░░░░░░░░░░░░░  39%  Streaming frame 247/948
  █████████░░░░░░░░░░░░░░░░  39%  Streaming frame 248/948
  █████████░░░░░░░░░░░░░░░░  39%  Streaming frame 249/948
  ██████████░░░░░░░░░░░░░░░  40%  Streaming frame 250/948
  ██████████░░░░░░░░░░░░░░░  40%  Streaming frame 251/948
  ██████████░░░░░░░░░░░░░░░  40%  Streaming frame 252/948
  ██████████░░░░░░░░░░░░░░░  40%  Streaming frame 253/948
  ██████████░░░░░░░░░░░░░░░  40%  Streaming frame 254/948
  ██████████░░░░░░░░░░░░░░░  40%  Streaming frame 255/948
  ██████████░░░░░░░░░░░░░░░  40%  Streaming frame 256/948
  ██████████░░░░░░░░░░░░░░░  40%  Streaming frame 257/948
  ██████████░░░░░░░░░░░░░░░  40%  Streaming frame 258/948
  ██████████░░░░░░░░░░░░░░░  40%  Streaming frame 259/948
  ██████████░░░░░░░░░░░░░░░  40%  Streaming frame 260/948
  ██████████░░░░░░░░░░░░░░░  40%  Streaming frame 261/948
  ██████████░░░░░░░░░░░░░░░  40%  Streaming frame 262/948
  ██████████░░░░░░░░░░░░░░░  40%  Streaming frame 263/948
  ██████████░░░░░░░░░░░░░░░  40%  Streaming frame 264/948
  ██████████░░░░░░░░░░░░░░░  40%  Streaming frame 265/948
  ██████████░░░░░░░░░░░░░░░  40%  Streaming frame 266/948
  ██████████░░░░░░░░░░░░░░░  40%  Streaming frame 267/948
  ██████████░░░░░░░░░░░░░░░  41%  Streaming frame 268/948
  ██████████░░░░░░░░░░░░░░░  41%  Streaming frame 269/948
  ██████████░░░░░░░░░░░░░░░  41%  Streaming frame 270/948
  ██████████░░░░░░░░░░░░░░░  41%  Streaming frame 271/948
  ██████████░░░░░░░░░░░░░░░  41%  Streaming frame 272/948
  ██████████░░░░░░░░░░░░░░░  41%  Streaming frame 273/948
  ██████████░░░░░░░░░░░░░░░  41%  Streaming frame 274/948
  ██████████░░░░░░░░░░░░░░░  41%  Streaming frame 275/948
  ██████████░░░░░░░░░░░░░░░  41%  Streaming frame 276/948
  ██████████░░░░░░░░░░░░░░░  41%  Streaming frame 277/948
  ██████████░░░░░░░░░░░░░░░  41%  Streaming frame 278/948
  ██████████░░░░░░░░░░░░░░░  41%  Streaming frame 279/948
  ██████████░░░░░░░░░░░░░░░  41%  Streaming frame 280/948
  ██████████░░░░░░░░░░░░░░░  41%  Streaming frame 281/948
  ██████████░░░░░░░░░░░░░░░  41%  Streaming frame 282/948
  ██████████░░░░░░░░░░░░░░░  41%  Streaming frame 283/948
  ██████████░░░░░░░░░░░░░░░  41%  Streaming frame 284/948
  ██████████░░░░░░░░░░░░░░░  42%  Streaming frame 285/948
  ██████████░░░░░░░░░░░░░░░  42%  Streaming frame 286/948
  ██████████░░░░░░░░░░░░░░░  42%  Streaming frame 287/948
  ██████████░░░░░░░░░░░░░░░  42%  Streaming frame 288/948
  ██████████░░░░░░░░░░░░░░░  42%  Streaming frame 289/948
  ██████████░░░░░░░░░░░░░░░  42%  Streaming frame 290/948
  ██████████░░░░░░░░░░░░░░░  42%  Streaming frame 291/948
  ██████████░░░░░░░░░░░░░░░  42%  Streaming frame 292/948
  ██████████░░░░░░░░░░░░░░░  42%  Streaming frame 293/948
  ██████████░░░░░░░░░░░░░░░  42%  Streaming frame 294/948
  ██████████░░░░░░░░░░░░░░░  42%  Streaming frame 295/948
  ██████████░░░░░░░░░░░░░░░  42%  Streaming frame 296/948
  ██████████░░░░░░░░░░░░░░░  42%  Streaming frame 297/948
  ██████████░░░░░░░░░░░░░░░  42%  Streaming frame 298/948
  ██████████░░░░░░░░░░░░░░░  42%  Streaming frame 299/948
  ██████████░░░░░░░░░░░░░░░  42%  Streaming frame 300/948
  ██████████░░░░░░░░░░░░░░░  42%  Streaming frame 301/948
  ██████████░░░░░░░░░░░░░░░  43%  Streaming frame 302/948
  ██████████░░░░░░░░░░░░░░░  43%  Streaming frame 303/948
  ██████████░░░░░░░░░░░░░░░  43%  Streaming frame 304/948
  ██████████░░░░░░░░░░░░░░░  43%  Streaming frame 305/948
  ██████████░░░░░░░░░░░░░░░  43%  Streaming frame 306/948
  ██████████░░░░░░░░░░░░░░░  43%  Streaming frame 307/948
  ██████████░░░░░░░░░░░░░░░  43%  Streaming frame 308/948
  ██████████░░░░░░░░░░░░░░░  43%  Streaming frame 309/948
  ██████████░░░░░░░░░░░░░░░  43%  Streaming frame 310/948
  ██████████░░░░░░░░░░░░░░░  43%  Streaming frame 311/948
  ██████████░░░░░░░░░░░░░░░  43%  Streaming frame 312/948
  ██████████░░░░░░░░░░░░░░░  43%  Streaming frame 313/948
  ██████████░░░░░░░░░░░░░░░  43%  Streaming frame 314/948
  ██████████░░░░░░░░░░░░░░░  43%  Streaming frame 315/948
  ██████████░░░░░░░░░░░░░░░  43%  Streaming frame 316/948
  ██████████░░░░░░░░░░░░░░░  43%  Streaming frame 317/948
  ██████████░░░░░░░░░░░░░░░  43%  Streaming frame 318/948
  ███████████░░░░░░░░░░░░░░  44%  Streaming frame 319/948
  ███████████░░░░░░░░░░░░░░  44%  Streaming frame 320/948
  ███████████░░░░░░░░░░░░░░  44%  Streaming frame 321/948
  ███████████░░░░░░░░░░░░░░  44%  Streaming frame 322/948
  ███████████░░░░░░░░░░░░░░  44%  Streaming frame 323/948
  ███████████░░░░░░░░░░░░░░  44%  Streaming frame 324/948
  ███████████░░░░░░░░░░░░░░  44%  Streaming frame 325/948
  ███████████░░░░░░░░░░░░░░  44%  Streaming frame 326/948
  ███████████░░░░░░░░░░░░░░  44%  Streaming frame 327/948
  ███████████░░░░░░░░░░░░░░  44%  Streaming frame 328/948
  ███████████░░░░░░░░░░░░░░  44%  Streaming frame 329/948
  ███████████░░░░░░░░░░░░░░  44%  Streaming frame 330/948
  ███████████░░░░░░░░░░░░░░  44%  Streaming frame 331/948
  ███████████░░░░░░░░░░░░░░  44%  Streaming frame 332/948
  ███████████░░░░░░░░░░░░░░  44%  Streaming frame 333/948
  ███████████░░░░░░░░░░░░░░  44%  Streaming frame 334/948
  ███████████░░░░░░░░░░░░░░  44%  Streaming frame 335/948
  ███████████░░░░░░░░░░░░░░  44%  Streaming frame 336/948
  ███████████░░░░░░░░░░░░░░  45%  Streaming frame 337/948
  ███████████░░░░░░░░░░░░░░  45%  Streaming frame 338/948
  ███████████░░░░░░░░░░░░░░  45%  Streaming frame 339/948
  ███████████░░░░░░░░░░░░░░  45%  Streaming frame 340/948
  ███████████░░░░░░░░░░░░░░  45%  Streaming frame 341/948
  ███████████░░░░░░░░░░░░░░  45%  Streaming frame 342/948
  ███████████░░░░░░░░░░░░░░  45%  Streaming frame 343/948
  ███████████░░░░░░░░░░░░░░  45%  Streaming frame 344/948
  ███████████░░░░░░░░░░░░░░  45%  Streaming frame 345/948
  ███████████░░░░░░░░░░░░░░  45%  Streaming frame 346/948
  ███████████░░░░░░░░░░░░░░  45%  Streaming frame 347/948
  ███████████░░░░░░░░░░░░░░  45%  Streaming frame 348/948
  ███████████░░░░░░░░░░░░░░  45%  Streaming frame 349/948
  ███████████░░░░░░░░░░░░░░  45%  Streaming frame 350/948
  ███████████░░░░░░░░░░░░░░  45%  Streaming frame 351/948
  ███████████░░░░░░░░░░░░░░  45%  Streaming frame 352/948
  ███████████░░░░░░░░░░░░░░  45%  Streaming frame 353/948
  ███████████░░░░░░░░░░░░░░  46%  Streaming frame 354/948
  ███████████░░░░░░░░░░░░░░  46%  Streaming frame 355/948
  ███████████░░░░░░░░░░░░░░  46%  Streaming frame 356/948
  ███████████░░░░░░░░░░░░░░  46%  Streaming frame 357/948
  ███████████░░░░░░░░░░░░░░  46%  Streaming frame 358/948
  ███████████░░░░░░░░░░░░░░  46%  Streaming frame 359/948
  ███████████░░░░░░░░░░░░░░  46%  Streaming frame 360/948
  ███████████░░░░░░░░░░░░░░  46%  Streaming frame 361/948
  ███████████░░░░░░░░░░░░░░  46%  Streaming frame 362/948
  ███████████░░░░░░░░░░░░░░  46%  Streaming frame 363/948
  ███████████░░░░░░░░░░░░░░  46%  Streaming frame 364/948
  ███████████░░░░░░░░░░░░░░  46%  Streaming frame 365/948
  ███████████░░░░░░░░░░░░░░  46%  Streaming frame 366/948
  ███████████░░░░░░░░░░░░░░  46%  Streaming frame 367/948
  ███████████░░░░░░░░░░░░░░  46%  Streaming frame 368/948
  ███████████░░░░░░░░░░░░░░  46%  Streaming frame 369/948
  ███████████░░░░░░░░░░░░░░  46%  Streaming frame 370/948
  ███████████░░░░░░░░░░░░░░  47%  Streaming frame 371/948
  ███████████░░░░░░░░░░░░░░  47%  Streaming frame 372/948
  ███████████░░░░░░░░░░░░░░  47%  Streaming frame 373/948
  ███████████░░░░░░░░░░░░░░  47%  Streaming frame 374/948
  ███████████░░░░░░░░░░░░░░  47%  Streaming frame 375/948
  ███████████░░░░░░░░░░░░░░  47%  Streaming frame 376/948
  ███████████░░░░░░░░░░░░░░  47%  Streaming frame 377/948
  ███████████░░░░░░░░░░░░░░  47%  Streaming frame 378/948
  ███████████░░░░░░░░░░░░░░  47%  Streaming frame 379/948
  ███████████░░░░░░░░░░░░░░  47%  Streaming frame 380/948
  ███████████░░░░░░░░░░░░░░  47%  Streaming frame 381/948
  ███████████░░░░░░░░░░░░░░  47%  Streaming frame 382/948
  ███████████░░░░░░░░░░░░░░  47%  Streaming frame 383/948
  ███████████░░░░░░░░░░░░░░  47%  Streaming frame 384/948
  ███████████░░░░░░░░░░░░░░  47%  Streaming frame 385/948
  ███████████░░░░░░░░░░░░░░  47%  Streaming frame 386/948
  ███████████░░░░░░░░░░░░░░  47%  Streaming frame 387/948
  ████████████░░░░░░░░░░░░░  48%  Streaming frame 388/948
  ████████████░░░░░░░░░░░░░  48%  Streaming frame 389/948
  ████████████░░░░░░░░░░░░░  48%  Streaming frame 390/948
  ████████████░░░░░░░░░░░░░  48%  Streaming frame 391/948
  ████████████░░░░░░░░░░░░░  48%  Streaming frame 392/948
  ████████████░░░░░░░░░░░░░  48%  Streaming frame 393/948
  ████████████░░░░░░░░░░░░░  48%  Streaming frame 394/948
  ████████████░░░░░░░░░░░░░  48%  Streaming frame 395/948
  ████████████░░░░░░░░░░░░░  48%  Streaming frame 396/948
  ████████████░░░░░░░░░░░░░  48%  Streaming frame 397/948
  ████████████░░░░░░░░░░░░░  48%  Streaming frame 398/948
  ████████████░░░░░░░░░░░░░  48%  Streaming frame 399/948
  ████████████░░░░░░░░░░░░░  48%  Streaming frame 400/948
  ████████████░░░░░░░░░░░░░  48%  Streaming frame 401/948
  ████████████░░░░░░░░░░░░░  48%  Streaming frame 402/948
  ████████████░░░░░░░░░░░░░  48%  Streaming frame 403/948
  ████████████░░░░░░░░░░░░░  48%  Streaming frame 404/948
  ████████████░░░░░░░░░░░░░  48%  Streaming frame 405/948
  ████████████░░░░░░░░░░░░░  49%  Streaming frame 406/948
  ████████████░░░░░░░░░░░░░  49%  Streaming frame 407/948
  ████████████░░░░░░░░░░░░░  49%  Streaming frame 408/948
  ████████████░░░░░░░░░░░░░  49%  Streaming frame 409/948
  ████████████░░░░░░░░░░░░░  49%  Streaming frame 410/948
  ████████████░░░░░░░░░░░░░  49%  Streaming frame 411/948
  ████████████░░░░░░░░░░░░░  49%  Streaming frame 412/948
  ████████████░░░░░░░░░░░░░  49%  Streaming frame 413/948
  ████████████░░░░░░░░░░░░░  49%  Streaming frame 414/948
  ████████████░░░░░░░░░░░░░  49%  Streaming frame 415/948
  ████████████░░░░░░░░░░░░░  49%  Streaming frame 416/948
  ████████████░░░░░░░░░░░░░  49%  Streaming frame 417/948
  ████████████░░░░░░░░░░░░░  49%  Streaming frame 418/948
  ████████████░░░░░░░░░░░░░  49%  Streaming frame 419/948
  ████████████░░░░░░░░░░░░░  49%  Streaming frame 420/948
  ████████████░░░░░░░░░░░░░  49%  Streaming frame 421/948
  ████████████░░░░░░░░░░░░░  49%  Streaming frame 422/948
  ████████████░░░░░░░░░░░░░  50%  Streaming frame 423/948
  ████████████░░░░░░░░░░░░░  50%  Streaming frame 424/948
  ████████████░░░░░░░░░░░░░  50%  Streaming frame 425/948
  ████████████░░░░░░░░░░░░░  50%  Streaming frame 426/948
  ████████████░░░░░░░░░░░░░  50%  Streaming frame 427/948
  ████████████░░░░░░░░░░░░░  50%  Streaming frame 428/948
  ████████████░░░░░░░░░░░░░  50%  Streaming frame 429/948
  ████████████░░░░░░░░░░░░░  50%  Streaming frame 430/948
  ████████████░░░░░░░░░░░░░  50%  Streaming frame 431/948
  ████████████░░░░░░░░░░░░░  50%  Streaming frame 432/948
  ████████████░░░░░░░░░░░░░  50%  Streaming frame 433/948
  ████████████░░░░░░░░░░░░░  50%  Streaming frame 434/948
  ████████████░░░░░░░░░░░░░  50%  Streaming frame 435/948
  ████████████░░░░░░░░░░░░░  50%  Streaming frame 436/948
  ████████████░░░░░░░░░░░░░  50%  Streaming frame 437/948
  ████████████░░░░░░░░░░░░░  50%  Streaming frame 438/948
  ████████████░░░░░░░░░░░░░  50%  Streaming frame 439/948
  ████████████░░░░░░░░░░░░░  51%  Streaming frame 440/948
  ████████████░░░░░░░░░░░░░  51%  Streaming frame 441/948
  ████████████░░░░░░░░░░░░░  51%  Streaming frame 442/948
  ████████████░░░░░░░░░░░░░  51%  Streaming frame 443/948
  ████████████░░░░░░░░░░░░░  51%  Streaming frame 444/948
  ████████████░░░░░░░░░░░░░  51%  Streaming frame 445/948
  ████████████░░░░░░░░░░░░░  51%  Streaming frame 446/948
  ████████████░░░░░░░░░░░░░  51%  Streaming frame 447/948
  ████████████░░░░░░░░░░░░░  51%  Streaming frame 448/948
  ████████████░░░░░░░░░░░░░  51%  Streaming frame 449/948
  ████████████░░░░░░░░░░░░░  51%  Streaming frame 450/948
  ████████████░░░░░░░░░░░░░  51%  Streaming frame 451/948
  ████████████░░░░░░░░░░░░░  51%  Streaming frame 452/948
  ████████████░░░░░░░░░░░░░  51%  Streaming frame 453/948
  ████████████░░░░░░░░░░░░░  51%  Streaming frame 454/948
  ████████████░░░░░░░░░░░░░  51%  Streaming frame 455/948
  ████████████░░░░░░░░░░░░░  51%  Streaming frame 456/948
  █████████████░░░░░░░░░░░░  52%  Streaming frame 457/948
  █████████████░░░░░░░░░░░░  52%  Streaming frame 458/948
  █████████████░░░░░░░░░░░░  52%  Streaming frame 459/948
  █████████████░░░░░░░░░░░░  52%  Streaming frame 460/948
  █████████████░░░░░░░░░░░░  52%  Streaming frame 461/948
  █████████████░░░░░░░░░░░░  52%  Streaming frame 462/948
  █████████████░░░░░░░░░░░░  52%  Streaming frame 463/948
  █████████████░░░░░░░░░░░░  52%  Streaming frame 464/948
  █████████████░░░░░░░░░░░░  52%  Streaming frame 465/948
  █████████████░░░░░░░░░░░░  52%  Streaming frame 466/948
  █████████████░░░░░░░░░░░░  52%  Streaming frame 467/948
  █████████████░░░░░░░░░░░░  52%  Streaming frame 468/948
  █████████████░░░░░░░░░░░░  52%  Streaming frame 469/948
  █████████████░░░░░░░░░░░░  52%  Streaming frame 470/948
  █████████████░░░░░░░░░░░░  52%  Streaming frame 471/948
  █████████████░░░░░░░░░░░░  52%  Streaming frame 472/948
  █████████████░░░░░░░░░░░░  52%  Streaming frame 473/948
  █████████████░░░░░░░░░░░░  53%  Streaming frame 474/948
  █████████████░░░░░░░░░░░░  53%  Streaming frame 475/948
  █████████████░░░░░░░░░░░░  53%  Streaming frame 476/948
  █████████████░░░░░░░░░░░░  53%  Streaming frame 477/948
  █████████████░░░░░░░░░░░░  53%  Streaming frame 478/948
  █████████████░░░░░░░░░░░░  53%  Streaming frame 479/948
  █████████████░░░░░░░░░░░░  53%  Streaming frame 480/948
  █████████████░░░░░░░░░░░░  53%  Streaming frame 481/948
  █████████████░░░░░░░░░░░░  53%  Streaming frame 482/948
  █████████████░░░░░░░░░░░░  53%  Streaming frame 483/948
  █████████████░░░░░░░░░░░░  53%  Streaming frame 484/948
  █████████████░░░░░░░░░░░░  53%  Streaming frame 485/948
  █████████████░░░░░░░░░░░░  53%  Streaming frame 486/948
  █████████████░░░░░░░░░░░░  53%  Streaming frame 487/948
  █████████████░░░░░░░░░░░░  53%  Streaming frame 488/948
  █████████████░░░░░░░░░░░░  53%  Streaming frame 489/948
  █████████████░░░░░░░░░░░░  53%  Streaming frame 490/948
  █████████████░░░░░░░░░░░░  53%  Streaming frame 491/948
  █████████████░░░░░░░░░░░░  54%  Streaming frame 492/948
  █████████████░░░░░░░░░░░░  54%  Streaming frame 493/948
  █████████████░░░░░░░░░░░░  54%  Streaming frame 494/948
  █████████████░░░░░░░░░░░░  54%  Streaming frame 495/948
  █████████████░░░░░░░░░░░░  54%  Streaming frame 496/948
  █████████████░░░░░░░░░░░░  54%  Streaming frame 497/948
  █████████████░░░░░░░░░░░░  54%  Streaming frame 498/948
  █████████████░░░░░░░░░░░░  54%  Streaming frame 499/948
  █████████████░░░░░░░░░░░░  54%  Streaming frame 500/948
  █████████████░░░░░░░░░░░░  54%  Streaming frame 501/948
  █████████████░░░░░░░░░░░░  54%  Streaming frame 502/948
  █████████████░░░░░░░░░░░░  54%  Streaming frame 503/948
  █████████████░░░░░░░░░░░░  54%  Streaming frame 504/948
  █████████████░░░░░░░░░░░░  54%  Streaming frame 505/948
  █████████████░░░░░░░░░░░░  54%  Streaming frame 506/948
  █████████████░░░░░░░░░░░░  54%  Streaming frame 507/948
  █████████████░░░░░░░░░░░░  54%  Streaming frame 508/948
  █████████████░░░░░░░░░░░░  55%  Streaming frame 509/948
  █████████████░░░░░░░░░░░░  55%  Streaming frame 510/948
  █████████████░░░░░░░░░░░░  55%  Streaming frame 511/948
  █████████████░░░░░░░░░░░░  55%  Streaming frame 512/948
  █████████████░░░░░░░░░░░░  55%  Streaming frame 513/948
  █████████████░░░░░░░░░░░░  55%  Streaming frame 514/948
  █████████████░░░░░░░░░░░░  55%  Streaming frame 515/948
  █████████████░░░░░░░░░░░░  55%  Streaming frame 516/948
  █████████████░░░░░░░░░░░░  55%  Streaming frame 517/948
  █████████████░░░░░░░░░░░░  55%  Streaming frame 518/948
  █████████████░░░░░░░░░░░░  55%  Streaming frame 519/948
  █████████████░░░░░░░░░░░░  55%  Streaming frame 520/948
  █████████████░░░░░░░░░░░░  55%  Streaming frame 521/948
  █████████████░░░░░░░░░░░░  55%  Streaming frame 522/948
  █████████████░░░░░░░░░░░░  55%  Streaming frame 523/948
  █████████████░░░░░░░░░░░░  55%  Streaming frame 524/948
  █████████████░░░░░░░░░░░░  55%  Streaming frame 525/948
  ██████████████░░░░░░░░░░░  56%  Streaming frame 526/948
  ██████████████░░░░░░░░░░░  56%  Streaming frame 527/948
  ██████████████░░░░░░░░░░░  56%  Streaming frame 528/948
  ██████████████░░░░░░░░░░░  56%  Streaming frame 529/948
  ██████████████░░░░░░░░░░░  56%  Streaming frame 530/948
  ██████████████░░░░░░░░░░░  56%  Streaming frame 531/948
  ██████████████░░░░░░░░░░░  56%  Streaming frame 532/948
  ██████████████░░░░░░░░░░░  56%  Streaming frame 533/948
  ██████████████░░░░░░░░░░░  56%  Streaming frame 534/948
  ██████████████░░░░░░░░░░░  56%  Streaming frame 535/948
  ██████████████░░░░░░░░░░░  56%  Streaming frame 536/948
  ██████████████░░░░░░░░░░░  56%  Streaming frame 537/948
  ██████████████░░░░░░░░░░░  56%  Streaming frame 538/948
  ██████████████░░░░░░░░░░░  56%  Streaming frame 539/948
  ██████████████░░░░░░░░░░░  56%  Streaming frame 540/948
  ██████████████░░░░░░░░░░░  56%  Streaming frame 541/948
  ██████████████░░░░░░░░░░░  56%  Streaming frame 542/948
  ██████████████░░░░░░░░░░░  57%  Streaming frame 543/948
  ██████████████░░░░░░░░░░░  57%  Streaming frame 544/948
  ██████████████░░░░░░░░░░░  57%  Streaming frame 545/948
  ██████████████░░░░░░░░░░░  57%  Streaming frame 546/948
  ██████████████░░░░░░░░░░░  57%  Streaming frame 547/948
  ██████████████░░░░░░░░░░░  57%  Streaming frame 548/948
  ██████████████░░░░░░░░░░░  57%  Streaming frame 549/948
  ██████████████░░░░░░░░░░░  57%  Streaming frame 550/948
  ██████████████░░░░░░░░░░░  57%  Streaming frame 551/948
  ██████████████░░░░░░░░░░░  57%  Streaming frame 552/948
  ██████████████░░░░░░░░░░░  57%  Streaming frame 553/948
  ██████████████░░░░░░░░░░░  57%  Streaming frame 554/948
  ██████████████░░░░░░░░░░░  57%  Streaming frame 555/948
  ██████████████░░░░░░░░░░░  57%  Streaming frame 556/948
  ██████████████░░░░░░░░░░░  57%  Streaming frame 557/948
  ██████████████░░░░░░░░░░░  57%  Streaming frame 558/948
  ██████████████░░░░░░░░░░░  57%  Streaming frame 559/948
  ██████████████░░░░░░░░░░░  57%  Streaming frame 560/948
  ██████████████░░░░░░░░░░░  58%  Streaming frame 561/948
  ██████████████░░░░░░░░░░░  58%  Streaming frame 562/948
  ██████████████░░░░░░░░░░░  58%  Streaming frame 563/948
  ██████████████░░░░░░░░░░░  58%  Streaming frame 564/948
  ██████████████░░░░░░░░░░░  58%  Streaming frame 565/948
  ██████████████░░░░░░░░░░░  58%  Streaming frame 566/948
  ██████████████░░░░░░░░░░░  58%  Streaming frame 567/948
  ██████████████░░░░░░░░░░░  58%  Streaming frame 568/948
  ██████████████░░░░░░░░░░░  58%  Streaming frame 569/948
  ██████████████░░░░░░░░░░░  58%  Streaming frame 570/948
  ██████████████░░░░░░░░░░░  58%  Streaming frame 571/948
  ██████████████░░░░░░░░░░░  58%  Streaming frame 572/948
  ██████████████░░░░░░░░░░░  58%  Streaming frame 573/948
  ██████████████░░░░░░░░░░░  58%  Streaming frame 574/948
  ██████████████░░░░░░░░░░░  58%  Streaming frame 575/948
  ██████████████░░░░░░░░░░░  58%  Streaming frame 576/948
  ██████████████░░░░░░░░░░░  58%  Streaming frame 577/948
  ██████████████░░░░░░░░░░░  59%  Streaming frame 578/948
  ██████████████░░░░░░░░░░░  59%  Streaming frame 579/948
  ██████████████░░░░░░░░░░░  59%  Streaming frame 580/948
  ██████████████░░░░░░░░░░░  59%  Streaming frame 581/948
  ██████████████░░░░░░░░░░░  59%  Streaming frame 582/948
  ██████████████░░░░░░░░░░░  59%  Streaming frame 583/948
  ██████████████░░░░░░░░░░░  59%  Streaming frame 584/948
  ██████████████░░░░░░░░░░░  59%  Streaming frame 585/948
  ██████████████░░░░░░░░░░░  59%  Streaming frame 586/948
  ██████████████░░░░░░░░░░░  59%  Streaming frame 587/948
  ██████████████░░░░░░░░░░░  59%  Streaming frame 588/948
  ██████████████░░░░░░░░░░░  59%  Streaming frame 589/948
  ██████████████░░░░░░░░░░░  59%  Streaming frame 590/948
  ██████████████░░░░░░░░░░░  59%  Streaming frame 591/948
  ██████████████░░░░░░░░░░░  59%  Streaming frame 592/948
  ██████████████░░░░░░░░░░░  59%  Streaming frame 593/948
  ██████████████░░░░░░░░░░░  59%  Streaming frame 594/948
  ███████████████░░░░░░░░░░  60%  Streaming frame 595/948
  ███████████████░░░░░░░░░░  60%  Streaming frame 596/948
  ███████████████░░░░░░░░░░  60%  Streaming frame 597/948
  ███████████████░░░░░░░░░░  60%  Streaming frame 598/948
  ███████████████░░░░░░░░░░  60%  Streaming frame 599/948
  ███████████████░░░░░░░░░░  60%  Streaming frame 600/948
  ███████████████░░░░░░░░░░  60%  Streaming frame 601/948
  ███████████████░░░░░░░░░░  60%  Streaming frame 602/948
  ███████████████░░░░░░░░░░  60%  Streaming frame 603/948
  ███████████████░░░░░░░░░░  60%  Streaming frame 604/948
  ███████████████░░░░░░░░░░  60%  Streaming frame 605/948
  ███████████████░░░░░░░░░░  60%  Streaming frame 606/948
  ███████████████░░░░░░░░░░  60%  Streaming frame 607/948
  ███████████████░░░░░░░░░░  60%  Streaming frame 608/948
  ███████████████░░░░░░░░░░  60%  Streaming frame 609/948
  ███████████████░░░░░░░░░░  60%  Streaming frame 610/948
  ███████████████░░░░░░░░░░  60%  Streaming frame 611/948
  ███████████████░░░░░░░░░░  61%  Streaming frame 612/948
  ███████████████░░░░░░░░░░  61%  Streaming frame 613/948
  ███████████████░░░░░░░░░░  61%  Streaming frame 614/948
  ███████████████░░░░░░░░░░  61%  Streaming frame 615/948
  ███████████████░░░░░░░░░░  61%  Streaming frame 616/948
  ███████████████░░░░░░░░░░  61%  Streaming frame 617/948
  ███████████████░░░░░░░░░░  61%  Streaming frame 618/948
  ███████████████░░░░░░░░░░  61%  Streaming frame 619/948
  ███████████████░░░░░░░░░░  61%  Streaming frame 620/948
  ███████████████░░░░░░░░░░  61%  Streaming frame 621/948
  ███████████████░░░░░░░░░░  61%  Streaming frame 622/948
  ███████████████░░░░░░░░░░  61%  Streaming frame 623/948
  ███████████████░░░░░░░░░░  61%  Streaming frame 624/948
  ███████████████░░░░░░░░░░  61%  Streaming frame 625/948
  ███████████████░░░░░░░░░░  61%  Streaming frame 626/948
  ███████████████░░░░░░░░░░  61%  Streaming frame 627/948
  ███████████████░░░░░░░░░░  61%  Streaming frame 628/948
  ███████████████░░░░░░░░░░  61%  Streaming frame 629/948
  ███████████████░░░░░░░░░░  62%  Streaming frame 630/948
  ███████████████░░░░░░░░░░  62%  Streaming frame 631/948
  ███████████████░░░░░░░░░░  62%  Streaming frame 632/948
  ███████████████░░░░░░░░░░  62%  Streaming frame 633/948
  ███████████████░░░░░░░░░░  62%  Streaming frame 634/948
  ███████████████░░░░░░░░░░  62%  Streaming frame 635/948
  ███████████████░░░░░░░░░░  62%  Streaming frame 636/948
  ███████████████░░░░░░░░░░  62%  Streaming frame 637/948
  ███████████████░░░░░░░░░░  62%  Streaming frame 638/948
  ███████████████░░░░░░░░░░  62%  Streaming frame 639/948
  ███████████████░░░░░░░░░░  62%  Streaming frame 640/948
  ███████████████░░░░░░░░░░  62%  Streaming frame 641/948
  ███████████████░░░░░░░░░░  62%  Streaming frame 642/948
  ███████████████░░░░░░░░░░  62%  Streaming frame 643/948
  ███████████████░░░░░░░░░░  62%  Streaming frame 644/948
  ███████████████░░░░░░░░░░  62%  Streaming frame 645/948
  ███████████████░░░░░░░░░░  62%  Streaming frame 646/948
  ███████████████░░░░░░░░░░  63%  Streaming frame 647/948
  ███████████████░░░░░░░░░░  63%  Streaming frame 648/948
  ███████████████░░░░░░░░░░  63%  Streaming frame 649/948
  ███████████████░░░░░░░░░░  63%  Streaming frame 650/948
  ███████████████░░░░░░░░░░  63%  Streaming frame 651/948
  ███████████████░░░░░░░░░░  63%  Streaming frame 652/948
  ███████████████░░░░░░░░░░  63%  Streaming frame 653/948
  ███████████████░░░░░░░░░░  63%  Streaming frame 654/948
  ███████████████░░░░░░░░░░  63%  Streaming frame 655/948
  ███████████████░░░░░░░░░░  63%  Streaming frame 656/948
  ███████████████░░░░░░░░░░  63%  Streaming frame 657/948
  ███████████████░░░░░░░░░░  63%  Streaming frame 658/948
  ███████████████░░░░░░░░░░  63%  Streaming frame 659/948
  ███████████████░░░░░░░░░░  63%  Streaming frame 660/948
  ███████████████░░░░░░░░░░  63%  Streaming frame 661/948
  ███████████████░░░░░░░░░░  63%  Streaming frame 662/948
  ███████████████░░░░░░░░░░  63%  Streaming frame 663/948
  ████████████████░░░░░░░░░  64%  Streaming frame 664/948
  ████████████████░░░░░░░░░  64%  Streaming frame 665/948
  ████████████████░░░░░░░░░  64%  Streaming frame 666/948
  ████████████████░░░░░░░░░  64%  Streaming frame 667/948
  ████████████████░░░░░░░░░  64%  Streaming frame 668/948
  ████████████████░░░░░░░░░  64%  Streaming frame 669/948
  ████████████████░░░░░░░░░  64%  Streaming frame 670/948
  ████████████████░░░░░░░░░  64%  Streaming frame 671/948
  ████████████████░░░░░░░░░  64%  Streaming frame 672/948
  ████████████████░░░░░░░░░  64%  Streaming frame 673/948
  ████████████████░░░░░░░░░  64%  Streaming frame 674/948
  ████████████████░░░░░░░░░  64%  Streaming frame 675/948
  ████████████████░░░░░░░░░  64%  Streaming frame 676/948
  ████████████████░░░░░░░░░  64%  Streaming frame 677/948
  ████████████████░░░░░░░░░  64%  Streaming frame 678/948
  ████████████████░░░░░░░░░  64%  Streaming frame 679/948
  ████████████████░░░░░░░░░  64%  Streaming frame 680/948
  ████████████████░░░░░░░░░  65%  Streaming frame 681/948
  ████████████████░░░░░░░░░  65%  Streaming frame 682/948
  ████████████████░░░░░░░░░  65%  Streaming frame 683/948
  ████████████████░░░░░░░░░  65%  Streaming frame 684/948
  ████████████████░░░░░░░░░  65%  Streaming frame 685/948
  ████████████████░░░░░░░░░  65%  Streaming frame 686/948
  ████████████████░░░░░░░░░  65%  Streaming frame 687/948
  ████████████████░░░░░░░░░  65%  Streaming frame 688/948
  ████████████████░░░░░░░░░  65%  Streaming frame 689/948
  ████████████████░░░░░░░░░  65%  Streaming frame 690/948
  ████████████████░░░░░░░░░  65%  Streaming frame 691/948
  ████████████████░░░░░░░░░  65%  Streaming frame 692/948
  ████████████████░░░░░░░░░  65%  Streaming frame 693/948
  ████████████████░░░░░░░░░  65%  Streaming frame 694/948
  ████████████████░░░░░░░░░  65%  Streaming frame 695/948
  ████████████████░░░░░░░░░  65%  Streaming frame 696/948
  ████████████████░░░░░░░░░  65%  Streaming frame 697/948
  ████████████████░░░░░░░░░  65%  Streaming frame 698/948
  ████████████████░░░░░░░░░  66%  Streaming frame 699/948
  ████████████████░░░░░░░░░  66%  Streaming frame 700/948
  ████████████████░░░░░░░░░  66%  Streaming frame 701/948
  ████████████████░░░░░░░░░  66%  Streaming frame 702/948
  ████████████████░░░░░░░░░  66%  Streaming frame 703/948
  ████████████████░░░░░░░░░  66%  Streaming frame 704/948
  ████████████████░░░░░░░░░  66%  Streaming frame 705/948
  ████████████████░░░░░░░░░  66%  Streaming frame 706/948
  ████████████████░░░░░░░░░  66%  Streaming frame 707/948
  ████████████████░░░░░░░░░  66%  Streaming frame 708/948
  ████████████████░░░░░░░░░  66%  Streaming frame 709/948
  ████████████████░░░░░░░░░  66%  Streaming frame 710/948
  ████████████████░░░░░░░░░  66%  Streaming frame 711/948
  ████████████████░░░░░░░░░  66%  Streaming frame 712/948
  ████████████████░░░░░░░░░  66%  Streaming frame 713/948
  ████████████████░░░░░░░░░  66%  Streaming frame 714/948
  ████████████████░░░░░░░░░  66%  Streaming frame 715/948
  ████████████████░░░░░░░░░  67%  Streaming frame 716/948
  ████████████████░░░░░░░░░  67%  Streaming frame 717/948
  ████████████████░░░░░░░░░  67%  Streaming frame 718/948
  ████████████████░░░░░░░░░  67%  Streaming frame 719/948
  ████████████████░░░░░░░░░  67%  Streaming frame 720/948
  ████████████████░░░░░░░░░  67%  Streaming frame 721/948
  ████████████████░░░░░░░░░  67%  Streaming frame 722/948
  ████████████████░░░░░░░░░  67%  Streaming frame 723/948
  ████████████████░░░░░░░░░  67%  Streaming frame 724/948
  ████████████████░░░░░░░░░  67%  Streaming frame 725/948
  ████████████████░░░░░░░░░  67%  Streaming frame 726/948
  ████████████████░░░░░░░░░  67%  Streaming frame 727/948
  ████████████████░░░░░░░░░  67%  Streaming frame 728/948
  ████████████████░░░░░░░░░  67%  Streaming frame 729/948
  ████████████████░░░░░░░░░  67%  Streaming frame 730/948
  ████████████████░░░░░░░░░  67%  Streaming frame 731/948
  ████████████████░░░░░░░░░  67%  Streaming frame 732/948
  █████████████████░░░░░░░░  68%  Streaming frame 733/948
  █████████████████░░░░░░░░  68%  Streaming frame 734/948
  █████████████████░░░░░░░░  68%  Streaming frame 735/948
  █████████████████░░░░░░░░  68%  Streaming frame 736/948
  █████████████████░░░░░░░░  68%  Streaming frame 737/948
  █████████████████░░░░░░░░  68%  Streaming frame 738/948
  █████████████████░░░░░░░░  68%  Streaming frame 739/948
  █████████████████░░░░░░░░  68%  Streaming frame 740/948
  █████████████████░░░░░░░░  68%  Streaming frame 741/948
  █████████████████░░░░░░░░  68%  Streaming frame 742/948
  █████████████████░░░░░░░░  68%  Streaming frame 743/948
  █████████████████░░░░░░░░  68%  Streaming frame 744/948
  █████████████████░░░░░░░░  68%  Streaming frame 745/948
  █████████████████░░░░░░░░  68%  Streaming frame 746/948
  █████████████████░░░░░░░░  68%  Streaming frame 747/948
  █████████████████░░░░░░░░  68%  Streaming frame 748/948
  █████████████████░░░░░░░░  68%  Streaming frame 749/948
  █████████████████░░░░░░░░  69%  Streaming frame 750/948
  █████████████████░░░░░░░░  69%  Streaming frame 751/948
  █████████████████░░░░░░░░  69%  Streaming frame 752/948
  █████████████████░░░░░░░░  69%  Streaming frame 753/948
  █████████████████░░░░░░░░  69%  Streaming frame 754/948
  █████████████████░░░░░░░░  69%  Streaming frame 755/948
  █████████████████░░░░░░░░  69%  Streaming frame 756/948
  █████████████████░░░░░░░░  69%  Streaming frame 757/948
  █████████████████░░░░░░░░  69%  Streaming frame 758/948
  █████████████████░░░░░░░░  69%  Streaming frame 759/948
  █████████████████░░░░░░░░  69%  Streaming frame 760/948
  █████████████████░░░░░░░░  69%  Streaming frame 761/948
  █████████████████░░░░░░░░  69%  Streaming frame 762/948
  █████████████████░░░░░░░░  69%  Streaming frame 763/948
  █████████████████░░░░░░░░  69%  Streaming frame 764/948
  █████████████████░░░░░░░░  69%  Streaming frame 765/948
  █████████████████░░░░░░░░  69%  Streaming frame 766/948
  █████████████████░░░░░░░░  69%  Streaming frame 767/948
  █████████████████░░░░░░░░  70%  Streaming frame 768/948
  █████████████████░░░░░░░░  70%  Streaming frame 769/948
  █████████████████░░░░░░░░  70%  Streaming frame 770/948
  █████████████████░░░░░░░░  70%  Streaming frame 771/948
  █████████████████░░░░░░░░  70%  Streaming frame 772/948
  █████████████████░░░░░░░░  70%  Streaming frame 773/948
  █████████████████░░░░░░░░  70%  Streaming frame 774/948
  █████████████████░░░░░░░░  70%  Streaming frame 775/948
  █████████████████░░░░░░░░  70%  Streaming frame 776/948
  █████████████████░░░░░░░░  70%  Streaming frame 777/948
  █████████████████░░░░░░░░  70%  Streaming frame 778/948
  █████████████████░░░░░░░░  70%  Streaming frame 779/948
  █████████████████░░░░░░░░  70%  Streaming frame 780/948
  █████████████████░░░░░░░░  70%  Streaming frame 781/948
  █████████████████░░░░░░░░  70%  Streaming frame 782/948
  █████████████████░░░░░░░░  70%  Streaming frame 783/948
  █████████████████░░░░░░░░  70%  Streaming frame 784/948
  █████████████████░░░░░░░░  71%  Streaming frame 785/948
  █████████████████░░░░░░░░  71%  Streaming frame 786/948
  █████████████████░░░░░░░░  71%  Streaming frame 787/948
  █████████████████░░░░░░░░  71%  Streaming frame 788/948
  █████████████████░░░░░░░░  71%  Streaming frame 789/948
  █████████████████░░░░░░░░  71%  Streaming frame 790/948
  █████████████████░░░░░░░░  71%  Streaming frame 791/948
  █████████████████░░░░░░░░  71%  Streaming frame 792/948
  █████████████████░░░░░░░░  71%  Streaming frame 793/948
  █████████████████░░░░░░░░  71%  Streaming frame 794/948
  █████████████████░░░░░░░░  71%  Streaming frame 795/948
  █████████████████░░░░░░░░  71%  Streaming frame 796/948
  █████████████████░░░░░░░░  71%  Streaming frame 797/948
  █████████████████░░░░░░░░  71%  Streaming frame 798/948
  █████████████████░░░░░░░░  71%  Streaming frame 799/948
  █████████████████░░░░░░░░  71%  Streaming frame 800/948
  █████████████████░░░░░░░░  71%  Streaming frame 801/948
  ██████████████████░░░░░░░  72%  Streaming frame 802/948
  ██████████████████░░░░░░░  72%  Streaming frame 803/948
  ██████████████████░░░░░░░  72%  Streaming frame 804/948
  ██████████████████░░░░░░░  72%  Streaming frame 805/948
  ██████████████████░░░░░░░  72%  Streaming frame 806/948
  ██████████████████░░░░░░░  72%  Streaming frame 807/948
  ██████████████████░░░░░░░  72%  Streaming frame 808/948
  ██████████████████░░░░░░░  72%  Streaming frame 809/948
  ██████████████████░░░░░░░  72%  Streaming frame 810/948
  ██████████████████░░░░░░░  72%  Streaming frame 811/948
  ██████████████████░░░░░░░  72%  Streaming frame 812/948
  ██████████████████░░░░░░░  72%  Streaming frame 813/948
  ██████████████████░░░░░░░  72%  Streaming frame 814/948
  ██████████████████░░░░░░░  72%  Streaming frame 815/948
  ██████████████████░░░░░░░  72%  Streaming frame 816/948
  ██████████████████░░░░░░░  72%  Streaming frame 817/948
  ██████████████████░░░░░░░  72%  Streaming frame 818/948
  ██████████████████░░░░░░░  73%  Streaming frame 819/948
  ██████████████████░░░░░░░  73%  Streaming frame 820/948
  ██████████████████░░░░░░░  73%  Streaming frame 821/948
  ██████████████████░░░░░░░  73%  Streaming frame 822/948
  ██████████████████░░░░░░░  73%  Streaming frame 823/948
  ██████████████████░░░░░░░  73%  Streaming frame 824/948
  ██████████████████░░░░░░░  73%  Streaming frame 825/948
  ██████████████████░░░░░░░  73%  Streaming frame 826/948
  ██████████████████░░░░░░░  73%  Streaming frame 827/948
  ██████████████████░░░░░░░  73%  Streaming frame 828/948
  ██████████████████░░░░░░░  73%  Streaming frame 829/948
  ██████████████████░░░░░░░  73%  Streaming frame 830/948
  ██████████████████░░░░░░░  73%  Streaming frame 831/948
  ██████████████████░░░░░░░  73%  Streaming frame 832/948
  ██████████████████░░░░░░░  73%  Streaming frame 833/948
  ██████████████████░░░░░░░  73%  Streaming frame 834/948
  ██████████████████░░░░░░░  73%  Streaming frame 835/948
  ██████████████████░░░░░░░  74%  Streaming frame 836/948
  ██████████████████░░░░░░░  74%  Streaming frame 837/948
  ██████████████████░░░░░░░  74%  Streaming frame 838/948
  ██████████████████░░░░░░░  74%  Streaming frame 839/948
  ██████████████████░░░░░░░  74%  Streaming frame 840/948
  ██████████████████░░░░░░░  74%  Streaming frame 841/948
  ██████████████████░░░░░░░  74%  Streaming frame 842/948
  ██████████████████░░░░░░░  74%  Streaming frame 843/948
  ██████████████████░░░░░░░  74%  Streaming frame 844/948
  ██████████████████░░░░░░░  74%  Streaming frame 845/948
  ██████████████████░░░░░░░  74%  Streaming frame 846/948
  ██████████████████░░░░░░░  74%  Streaming frame 847/948
  ██████████████████░░░░░░░  74%  Streaming frame 848/948
  ██████████████████░░░░░░░  74%  Streaming frame 849/948
  ██████████████████░░░░░░░  74%  Streaming frame 850/948
  ██████████████████░░░░░░░  74%  Streaming frame 851/948
  ██████████████████░░░░░░░  74%  Streaming frame 852/948
  ██████████████████░░░░░░░  74%  Streaming frame 853/948
  ██████████████████░░░░░░░  75%  Streaming frame 854/948
  ██████████████████░░░░░░░  75%  Streaming frame 855/948
  ██████████████████░░░░░░░  75%  Streaming frame 856/948
  ██████████████████░░░░░░░  75%  Streaming frame 857/948
  ██████████████████░░░░░░░  75%  Streaming frame 858/948
  ██████████████████░░░░░░░  75%  Streaming frame 859/948
  ██████████████████░░░░░░░  75%  Streaming frame 860/948
  ██████████████████░░░░░░░  75%  Streaming frame 861/948
  ██████████████████░░░░░░░  75%  Streaming frame 862/948
  ██████████████████░░░░░░░  75%  Streaming frame 863/948
  ██████████████████░░░░░░░  75%  Streaming frame 864/948
  ██████████████████░░░░░░░  75%  Streaming frame 865/948
  ██████████████████░░░░░░░  75%  Streaming frame 866/948
  ██████████████████░░░░░░░  75%  Streaming frame 867/948
  ██████████████████░░░░░░░  75%  Streaming frame 868/948
  ██████████████████░░░░░░░  75%  Streaming frame 869/948
  ██████████████████░░░░░░░  75%  Streaming frame 870/948
  ███████████████████░░░░░░  76%  Streaming frame 871/948
  ███████████████████░░░░░░  76%  Streaming frame 872/948
  ███████████████████░░░░░░  76%  Streaming frame 873/948
  ███████████████████░░░░░░  76%  Streaming frame 874/948
  ███████████████████░░░░░░  76%  Streaming frame 875/948
  ███████████████████░░░░░░  76%  Streaming frame 876/948
  ███████████████████░░░░░░  76%  Streaming frame 877/948
  ███████████████████░░░░░░  76%  Streaming frame 878/948
  ███████████████████░░░░░░  76%  Streaming frame 879/948
  ███████████████████░░░░░░  76%  Streaming frame 880/948
  ███████████████████░░░░░░  76%  Streaming frame 881/948
  ███████████████████░░░░░░  76%  Streaming frame 882/948
  ███████████████████░░░░░░  76%  Streaming frame 883/948
  ███████████████████░░░░░░  76%  Streaming frame 884/948
  ███████████████████░░░░░░  76%  Streaming frame 885/948
  ███████████████████░░░░░░  76%  Streaming frame 886/948
  ███████████████████░░░░░░  76%  Streaming frame 887/948
  ███████████████████░░░░░░  77%  Streaming frame 888/948
  ███████████████████░░░░░░  77%  Streaming frame 889/948
  ███████████████████░░░░░░  77%  Streaming frame 890/948
  ███████████████████░░░░░░  77%  Streaming frame 891/948
  ███████████████████░░░░░░  77%  Streaming frame 892/948
  ███████████████████░░░░░░  77%  Streaming frame 893/948
  ███████████████████░░░░░░  77%  Streaming frame 894/948
  ███████████████████░░░░░░  77%  Streaming frame 895/948
  ███████████████████░░░░░░  77%  Streaming frame 896/948
  ███████████████████░░░░░░  77%  Streaming frame 897/948
  ███████████████████░░░░░░  77%  Streaming frame 898/948
  ███████████████████░░░░░░  77%  Streaming frame 899/948
  ███████████████████░░░░░░  77%  Streaming frame 900/948
  ███████████████████░░░░░░  77%  Streaming frame 901/948
  ███████████████████░░░░░░  77%  Streaming frame 902/948
  ███████████████████░░░░░░  77%  Streaming frame 903/948
  ███████████████████░░░░░░  77%  Streaming frame 904/948
  ███████████████████░░░░░░  78%  Streaming frame 905/948
  ███████████████████░░░░░░  78%  Streaming frame 906/948
  ███████████████████░░░░░░  78%  Streaming frame 907/948
  ███████████████████░░░░░░  78%  Streaming frame 908/948
  ███████████████████░░░░░░  78%  Streaming frame 909/948
  ███████████████████░░░░░░  78%  Streaming frame 910/948
  ███████████████████░░░░░░  78%  Streaming frame 911/948
  ███████████████████░░░░░░  78%  Streaming frame 912/948
  ███████████████████░░░░░░  78%  Streaming frame 913/948
  ███████████████████░░░░░░  78%  Streaming frame 914/948
  ███████████████████░░░░░░  78%  Streaming frame 915/948
  ███████████████████░░░░░░  78%  Streaming frame 916/948
  ███████████████████░░░░░░  78%  Streaming frame 917/948
  ███████████████████░░░░░░  78%  Streaming frame 918/948
  ███████████████████░░░░░░  78%  Streaming frame 919/948
  ███████████████████░░░░░░  78%  Streaming frame 920/948
  ███████████████████░░░░░░  78%  Streaming frame 921/948
  ███████████████████░░░░░░  78%  Streaming frame 922/948
  ███████████████████░░░░░░  79%  Streaming frame 923/948
  ███████████████████░░░░░░  79%  Streaming frame 924/948
  ███████████████████░░░░░░  79%  Streaming frame 925/948
  ███████████████████░░░░░░  79%  Streaming frame 926/948
  ███████████████████░░░░░░  79%  Streaming frame 927/948
  ███████████████████░░░░░░  79%  Streaming frame 928/948
  ███████████████████░░░░░░  79%  Streaming frame 929/948
  ███████████████████░░░░░░  79%  Streaming frame 930/948
  ███████████████████░░░░░░  79%  Streaming frame 931/948
  ███████████████████░░░░░░  79%  Streaming frame 932/948
  ███████████████████░░░░░░  79%  Streaming frame 933/948
  ███████████████████░░░░░░  79%  Streaming frame 934/948
  ███████████████████░░░░░░  79%  Streaming frame 935/948
  ███████████████████░░░░░░  79%  Streaming frame 936/948
  ███████████████████░░░░░░  79%  Streaming frame 937/948
  ███████████████████░░░░░░  79%  Streaming frame 938/948
  ███████████████████░░░░░░  79%  Streaming frame 939/948
  ████████████████████░░░░░  80%  Streaming frame 940/948
  ████████████████████░░░░░  80%  Streaming frame 941/948
  ████████████████████░░░░░  80%  Streaming frame 942/948
  ████████████████████░░░░░  80%  Streaming frame 943/948
  ████████████████████░░░░░  80%  Streaming frame 944/948
  ████████████████████░░░░░  80%  Streaming frame 945/948
  ████████████████████░░░░░  80%  Streaming frame 946/948
  ████████████████████░░░░░  80%  Streaming frame 947/948
  ████████████████████░░░░░  80%  Streaming frame 948/948
  ██████████████████████░░░  90%  Assembling final video
  █████████████████████████  100%  Render complete

◇  C:\Users\bapti\Desktop\DEV\pawzzle\videos\pawzzle-village-lore\renders\pawzzle-village-lore_2026-07-27_23-21-12.mp4
   3.7 MB · 31.6s video · rendered in 2m 49.8s
